[INFO] Scanning for projects...
[INFO] 
[INFO] ----------------< com.flash_loan.bank:account-service >-----------------
[INFO] Building  0.0.1-SNAPSHOT
[INFO]   from pom.xml
[INFO] --------------------------------[ jar ]---------------------------------
[INFO] 
[INFO] --- clean:3.5.0:clean (default-clean) @ account-service ---
[INFO] Deleting C:\Users\soporte\Documents\flashLoanBank\FlashLoanBankProject\account-service\target
[INFO] 
[INFO] --- resources:3.3.1:resources (default-resources) @ account-service ---
[INFO] Copying 1 resource from src\main\resources to target\classes
[INFO] Copying 0 resource from src\main\resources to target\classes
[INFO] 
[INFO] --- compiler:3.14.1:compile (default-compile) @ account-service ---
[INFO] Recompiling the module because of changed source code.
[INFO] Compiling 26 source files with javac [debug parameters release 17] to target\classes
[INFO] Some messages have been simplified; recompile with -Xdiags:verbose to get full output
[INFO] -------------------------------------------------------------
[ERROR] COMPILATION ERROR : 
[INFO] -------------------------------------------------------------
[ERROR] /C:/Users/soporte/Documents/flashLoanBank/FlashLoanBankProject/account-service/src/main/java/com/flash_loan/bank/account_service/infrastructure/adapters/out/web/CustomerWebClientAdapter.java:[31,27] incompatible types: invalid method reference
    method is5xxServerError in enum org.springframework.http.HttpStatus cannot be applied to given types
      required: no arguments
      found:    org.springframework.http.HttpStatusCode
      reason: actual and formal argument lists differ in length
[INFO] 1 error
[INFO] -------------------------------------------------------------
[INFO] ------------------------------------------------------------------------
[INFO] BUILD FAILURE
[INFO] ------------------------------------------------------------------------
[INFO] Total time:  5.322 s
[INFO] Finished at: 2026-03-24T17:23:47-05:00
[INFO] ------------------------------------------------------------------------
[ERROR] Failed to execute goal org.apache.maven.plugins:maven-compiler-plugin:3.14.1:compile (default-compile) on project account-service: Compilation failure
[ERROR] /C:/Users/soporte/Documents/flashLoanBank/FlashLoanBankProject/account-service/src/main/java/com/flash_loan/bank/account_service/infrastructure/adapters/out/web/CustomerWebClientAdapter.java:[31,27] incompatible types: invalid method reference
[ERROR]     method is5xxServerError in enum org.springframework.http.HttpStatus cannot be applied to given types
[ERROR]       required: no arguments
[ERROR]       found:    org.springframework.http.HttpStatusCode
[ERROR]       reason: actual and formal argument lists differ in length
[ERROR] 
[ERROR] -> [Help 1]
[ERROR] 
[ERROR] To see the full stack trace of the errors, re-run Maven with the -e switch.
[ERROR] Re-run Maven using the -X switch to enable full debug logging.
[ERROR] 
[ERROR] For more information about the errors and possible solutions, please read the following articles:
[ERROR] [Help 1] http://cwiki.apache.org/confluence/display/MAVEN/MojoFailureException
